[31mFæ: Promotion of eugenics for low income and low IQ parents rebuttal_labels:: 
[31mFæ: Young's article in September 2015 on "Progressive Eugenics" includes his proposal to provide free embryo screening to poor people and those with low intelligence: "why not offer it free of charge to parents on low incomes with below-average IQs?". Sources:
http://web.archive.org/web/20180103192352/https://quadrant.org.au/magazine/2015/09/fall-meritocracy/ archive of Young's article on "Progressive Eugenics" in The Quadrant
http://www.independent.co.uk/voices/toby-young-university-regulator-resignation-office-for-students-what-like-before-appointment-erase-a8149476.html reference to Young's article on Eugenics
http://londonstudent.coop/news/2018/01/10/exposed-london-eugenics-conferences-neo-nazi-links/
Tweet by Young (recently deleted) https://webcache.googleusercontent.com/search?q=cache:2tvEu6jG4q0J:https://twitter.com/toadmeister/status/699336901820551170 rebuttal_labels:: 
[31mFæ: http://www.bbc.co.uk/programmes/b070d28w Radio 4 Analysis interview on Inheritance.17'48" onwards "Progressive Eugenics" for "just the bottom 10%" rebuttal_labels:: 
[32mPhilip Cross: The issue is clearly relevant for the article, but not yet suitable for the summary which is not intended to include material absent from the main article. Nor do sources suggest Young's recent resignation from the OfS board is linked with the clandestinely held eugenics conference at UCL, as was suggested in the additions I removed. While Young was present, sources so far are not suggesting he played an active role. Adding it to the summary was presumptive. As I say, it should be in the main article first before it is covered in the summary. rebuttal_labels:: 
[31mFæ: Glad we agree it's relevant. In the context of someone with some control over how schools are managed, Young's views on how we should use eugenics to possibly give the bottom 10% of society more intelligent children is enlightening. Equating being "in the bottom 10%" with having a genetic low IQ, is pretty informative of how Young thinks about children. rebuttal_labels:: 
[34mEl Badboy!: @ Mr Cross. You removed the additions? Could I ask why specifically and what was the problem? rebuttal_labels:: DH4: Stating your stance
[32mPhilip Cross: I state the issue above. Another source. Incidentally, he ''was'' actively involved in the related conference in Toronto, which it would be best to concentrate on here, a few months after the University College London event, as well as the coverage of Young's ''Quadrant'' article. The UCL article does not yet have a passage on the the secret conference controversy. rebuttal_labels:: DH5: Counterargument
[36mJ.M.Ike: Since the information has been added to the lede again, I thought I'd mention that I think there should be a section on this within the article. It does seem odd to include this content in the lede and not the main text. This controversy is definitely notable enough for it to merit mention within the article text and ought not to be removed. rebuttal_labels:: 
[35mWoodChopper: There are three other sources about the racist Eugenics conference in London.  , and . All three of these articles point out that a pedo called Emil O. W. Kirkegaard who has neo-Nazi views had attended this conference. rebuttal_labels:: DH2: Attempted derailing/off-topic
[35mWoodChopper: Other recent news articles that mention Toby Young and Emil Kirkegaard. , rebuttal_labels:: 
[35mWoodChopper: The UCL has responded with an official statement , the eugenics conferences have now been suspended. rebuttal_labels:: 
